[2026-09-24 02:37:30] [INFO] [adversarial_audit]: Initialized adversarial audit directory: results\adversarial_audit_20260924_023600
[2026-09-24 02:37:33] [INFO] [adversarial_audit]: Loaded 15202 raw crystal records.
[2026-09-24 02:37:33] [INFO] [adversarial_audit]: Official benchmark IDs: 11865 (Train: 9493, Val: 1186, Test: 1186)
[2026-09-24 02:37:33] [INFO] [adversarial_audit]: Locally matched IDs: 11864. Missing: ['JVASP-51']
[2026-09-24 02:37:33] [INFO] [adversarial_audit]: Computing Table 1: protocol_a_units_audit.csv...
[2026-09-24 02:37:35] [INFO] [adversarial_audit]: Computing Table 2: protocol_a_corrected_metrics.csv...
[2026-09-24 02:37:35] [INFO] [adversarial_audit]: Computing Table 3: protocol_a_leaderboard_comparison.csv...
[2026-09-24 02:37:35] [INFO] [adversarial_audit]: Computing Table 4: raw_tensor_physics_audit.csv...
[2026-09-24 02:37:38] [INFO] [adversarial_audit]: Computing Table 5: tensor_metric_validity_audit.csv...
[2026-09-24 02:37:42] [INFO] [adversarial_audit]: Computing Table 6: development_split_corrected_metrics.csv...
[2026-09-24 02:38:05] [INFO] [adversarial_audit]: Computing Table 10: b5_b6_symmetry_projection_audit.csv...
[2026-09-24 02:38:05] [INFO] [adversarial_audit]: Computing Table 11: rotation_reflection_covariance_audit.csv (100 crystals)...
[2026-09-24 02:38:39] [INFO] [adversarial_audit]: Initialized adversarial audit directory: results\adversarial_audit_20260924_023600
[2026-09-24 02:38:42] [INFO] [adversarial_audit]: Loaded 15202 raw crystal records.
[2026-09-24 02:38:42] [INFO] [adversarial_audit]: Official benchmark IDs: 11865 (Train: 9493, Val: 1186, Test: 1186)
[2026-09-24 02:38:42] [INFO] [adversarial_audit]: Locally matched IDs: 11864. Missing: ['JVASP-51']
[2026-09-24 02:38:42] [INFO] [adversarial_audit]: Computing Table 1: protocol_a_units_audit.csv...
[2026-09-24 02:38:43] [INFO] [adversarial_audit]: Computing Table 2: protocol_a_corrected_metrics.csv...
[2026-09-24 02:38:43] [INFO] [adversarial_audit]: Computing Table 3: protocol_a_leaderboard_comparison.csv...
[2026-09-24 02:38:43] [INFO] [adversarial_audit]: Computing Table 4: raw_tensor_physics_audit.csv...
[2026-09-24 02:38:47] [INFO] [adversarial_audit]: Computing Table 5: tensor_metric_validity_audit.csv...
[2026-09-24 02:38:51] [INFO] [adversarial_audit]: Computing Table 6: development_split_corrected_metrics.csv...
[2026-09-24 02:39:08] [INFO] [adversarial_audit]: Computing Table 10: b5_b6_symmetry_projection_audit.csv...
[2026-09-24 02:39:08] [INFO] [adversarial_audit]: Computing Table 11: rotation_reflection_covariance_audit.csv (100 crystals)...
[2026-09-24 02:39:16] [INFO] [adversarial_audit]: Computing Table 13: split_distribution_audit.csv...
[2026-09-24 02:39:20] [INFO] [adversarial_audit]: Computing Table 12: uncertainty_calibration_metrics.csv...
[2026-09-24 02:39:20] [INFO] [adversarial_audit]: Writing reports/model_selection_timeline.md...
[2026-09-24 02:39:20] [INFO] [adversarial_audit]: Adversarial audit completed successfully. Tables stored in: results\adversarial_audit_20260924_023600
